PURE_PIPELINE_INPUT vertices=4096 static_edges=4095 update_edges=1024 final_edges=5119 pma_slots=65520 compact_edge_slots=5120 source_external=0 source_internal=4088 supersteps=32
Using XCL_DEVICE_INDEX=0
PURE_PIPELINE_HOST stage=launch_grasu
PURE_PIPELINE_HOST stage=enqueued_process_cache_1
PURE_PIPELINE_HOST stage=enqueued_process_cache_2
PURE_PIPELINE_HOST stage=enqueued_process_ddr_1
PURE_PIPELINE_HOST stage=enqueued_process_ddr_2
PURE_PIPELINE_HOST stage=enqueued_dispatch
PURE_PIPELINE_HOST stage=enqueued_bin_search_1
PURE_PIPELINE_HOST stage=enqueued_bin_search_2
PURE_PIPELINE_HOST stage=enqueued_bin_search_3
PURE_PIPELINE_HOST stage=enqueued_bin_search_4
PURE_PIPELINE_HOST stage=flushed_grasu_producers
PURE_PIPELINE_HOST stage=enqueue_barrier
PURE_PIPELINE_HOST stage=enqueued_barrier
PURE_PIPELINE_HOST stage=enqueue_pma_compactor
PURE_PIPELINE_HOST stage=enqueued_pma_compactor
PURE_PIPELINE_HOST stage=wait_pma_compactor
PURE_PIPELINE_HOST stage=pma_compactor_done
PURE_PIPELINE_HOST stage=launch_step step=1
PURE_PIPELINE_HOST stage=enqueue_hbm step=1
PURE_PIPELINE_HOST stage=enqueued_hbm step=1
PURE_PIPELINE_HOST stage=enqueue_apply step=1
PURE_PIPELINE_HOST stage=enqueued_apply step=1
PURE_PIPELINE_HOST stage=enqueue_lksg step=1
PURE_PIPELINE_HOST stage=enqueued_lksg step=1
PURE_PIPELINE_HOST stage=wait_step step=1
PURE_PIPELINE_SUPERSTEP step=1 lksg_ms=0.435703 apply_ms=0.476224 hbm_ms=0.511535
PURE_PIPELINE_HOST stage=launch_step step=2
PURE_PIPELINE_HOST stage=enqueue_hbm step=2
PURE_PIPELINE_HOST stage=enqueued_hbm step=2
PURE_PIPELINE_HOST stage=enqueue_apply step=2
PURE_PIPELINE_HOST stage=enqueued_apply step=2
PURE_PIPELINE_HOST stage=enqueue_lksg step=2
PURE_PIPELINE_HOST stage=enqueued_lksg step=2
PURE_PIPELINE_HOST stage=wait_step step=2
PURE_PIPELINE_SUPERSTEP step=2 lksg_ms=0.266198 apply_ms=0.295719 hbm_ms=0.329019
PURE_PIPELINE_HOST stage=launch_step step=3
PURE_PIPELINE_HOST stage=enqueue_hbm step=3
PURE_PIPELINE_HOST stage=enqueued_hbm step=3
PURE_PIPELINE_HOST stage=enqueue_apply step=3
PURE_PIPELINE_HOST stage=enqueued_apply step=3
PURE_PIPELINE_HOST stage=enqueue_lksg step=3
PURE_PIPELINE_HOST stage=enqueued_lksg step=3
PURE_PIPELINE_HOST stage=wait_step step=3
PURE_PIPELINE_SUPERSTEP step=3 lksg_ms=0.210206 apply_ms=0.243347 hbm_ms=0.271658
PURE_PIPELINE_HOST stage=launch_step step=4
PURE_PIPELINE_HOST stage=enqueue_hbm step=4
PURE_PIPELINE_HOST stage=enqueued_hbm step=4
PURE_PIPELINE_HOST stage=enqueue_apply step=4
PURE_PIPELINE_HOST stage=enqueued_apply step=4
PURE_PIPELINE_HOST stage=enqueue_lksg step=4
PURE_PIPELINE_HOST stage=enqueued_lksg step=4
PURE_PIPELINE_HOST stage=wait_step step=4
PURE_PIPELINE_SUPERSTEP step=4 lksg_ms=0.208776 apply_ms=0.240147 hbm_ms=0.265618
PURE_PIPELINE_HOST stage=launch_step step=5
PURE_PIPELINE_HOST stage=enqueue_hbm step=5
PURE_PIPELINE_HOST stage=enqueued_hbm step=5
PURE_PIPELINE_HOST stage=enqueue_apply step=5
PURE_PIPELINE_HOST stage=enqueued_apply step=5
PURE_PIPELINE_HOST stage=enqueue_lksg step=5
PURE_PIPELINE_HOST stage=enqueued_lksg step=5
PURE_PIPELINE_HOST stage=wait_step step=5
PURE_PIPELINE_SUPERSTEP step=5 lksg_ms=0.224176 apply_ms=0.252917 hbm_ms=0.278518
PURE_PIPELINE_HOST stage=launch_step step=6
PURE_PIPELINE_HOST stage=enqueue_hbm step=6
PURE_PIPELINE_HOST stage=enqueued_hbm step=6
PURE_PIPELINE_HOST stage=enqueue_apply step=6
PURE_PIPELINE_HOST stage=enqueued_apply step=6
PURE_PIPELINE_HOST stage=enqueue_lksg step=6
PURE_PIPELINE_HOST stage=enqueued_lksg step=6
PURE_PIPELINE_HOST stage=wait_step step=6
PURE_PIPELINE_SUPERSTEP step=6 lksg_ms=0.229347 apply_ms=0.259347 hbm_ms=0.284138
PURE_PIPELINE_HOST stage=launch_step step=7
PURE_PIPELINE_HOST stage=enqueue_hbm step=7
PURE_PIPELINE_HOST stage=enqueued_hbm step=7
PURE_PIPELINE_HOST stage=enqueue_apply step=7
PURE_PIPELINE_HOST stage=enqueued_apply step=7
PURE_PIPELINE_HOST stage=enqueue_lksg step=7
PURE_PIPELINE_HOST stage=enqueued_lksg step=7
PURE_PIPELINE_HOST stage=wait_step step=7
PURE_PIPELINE_SUPERSTEP step=7 lksg_ms=0.223447 apply_ms=0.253618 hbm_ms=0.280339
PURE_PIPELINE_HOST stage=launch_step step=8
PURE_PIPELINE_HOST stage=enqueue_hbm step=8
PURE_PIPELINE_HOST stage=enqueued_hbm step=8
PURE_PIPELINE_HOST stage=enqueue_apply step=8
PURE_PIPELINE_HOST stage=enqueued_apply step=8
PURE_PIPELINE_HOST stage=enqueue_lksg step=8
PURE_PIPELINE_HOST stage=enqueued_lksg step=8
PURE_PIPELINE_HOST stage=wait_step step=8
PURE_PIPELINE_SUPERSTEP step=8 lksg_ms=0.230236 apply_ms=0.260727 hbm_ms=0.287748
PURE_PIPELINE_HOST stage=launch_step step=9
PURE_PIPELINE_HOST stage=enqueue_hbm step=9
PURE_PIPELINE_HOST stage=enqueued_hbm step=9
PURE_PIPELINE_HOST stage=enqueue_apply step=9
PURE_PIPELINE_HOST stage=enqueued_apply step=9
PURE_PIPELINE_HOST stage=enqueue_lksg step=9
PURE_PIPELINE_HOST stage=enqueued_lksg step=9
PURE_PIPELINE_HOST stage=wait_step step=9
PURE_PIPELINE_SUPERSTEP step=9 lksg_ms=0.217076 apply_ms=0.252428 hbm_ms=0.277228
PURE_PIPELINE_HOST stage=launch_step step=10
PURE_PIPELINE_HOST stage=enqueue_hbm step=10
PURE_PIPELINE_HOST stage=enqueued_hbm step=10
PURE_PIPELINE_HOST stage=enqueue_apply step=10
PURE_PIPELINE_HOST stage=enqueued_apply step=10
PURE_PIPELINE_HOST stage=enqueue_lksg step=10
PURE_PIPELINE_HOST stage=enqueued_lksg step=10
PURE_PIPELINE_HOST stage=wait_step step=10
PURE_PIPELINE_SUPERSTEP step=10 lksg_ms=0.224596 apply_ms=0.251667 hbm_ms=0.278498
PURE_PIPELINE_HOST stage=launch_step step=11
PURE_PIPELINE_HOST stage=enqueue_hbm step=11
PURE_PIPELINE_HOST stage=enqueued_hbm step=11
PURE_PIPELINE_HOST stage=enqueue_apply step=11
PURE_PIPELINE_HOST stage=enqueued_apply step=11
PURE_PIPELINE_HOST stage=enqueue_lksg step=11
PURE_PIPELINE_HOST stage=enqueued_lksg step=11
PURE_PIPELINE_HOST stage=wait_step step=11
PURE_PIPELINE_SUPERSTEP step=11 lksg_ms=0.209946 apply_ms=0.239247 hbm_ms=0.267988
PURE_PIPELINE_HOST stage=launch_step step=12
PURE_PIPELINE_HOST stage=enqueue_hbm step=12
PURE_PIPELINE_HOST stage=enqueued_hbm step=12
PURE_PIPELINE_HOST stage=enqueue_apply step=12
PURE_PIPELINE_HOST stage=enqueued_apply step=12
PURE_PIPELINE_HOST stage=enqueue_lksg step=12
PURE_PIPELINE_HOST stage=enqueued_lksg step=12
PURE_PIPELINE_HOST stage=wait_step step=12
PURE_PIPELINE_SUPERSTEP step=12 lksg_ms=0.213816 apply_ms=0.243317 hbm_ms=0.268828
PURE_PIPELINE_HOST stage=launch_step step=13
PURE_PIPELINE_HOST stage=enqueue_hbm step=13
PURE_PIPELINE_HOST stage=enqueued_hbm step=13
PURE_PIPELINE_HOST stage=enqueue_apply step=13
PURE_PIPELINE_HOST stage=enqueued_apply step=13
PURE_PIPELINE_HOST stage=enqueue_lksg step=13
PURE_PIPELINE_HOST stage=enqueued_lksg step=13
PURE_PIPELINE_HOST stage=wait_step step=13
PURE_PIPELINE_SUPERSTEP step=13 lksg_ms=0.207806 apply_ms=0.237567 hbm_ms=0.262378
PURE_PIPELINE_HOST stage=launch_step step=14
PURE_PIPELINE_HOST stage=enqueue_hbm step=14
PURE_PIPELINE_HOST stage=enqueued_hbm step=14
PURE_PIPELINE_HOST stage=enqueue_apply step=14
PURE_PIPELINE_HOST stage=enqueued_apply step=14
PURE_PIPELINE_HOST stage=enqueue_lksg step=14
PURE_PIPELINE_HOST stage=enqueued_lksg step=14
PURE_PIPELINE_HOST stage=wait_step step=14
PURE_PIPELINE_SUPERSTEP step=14 lksg_ms=0.213876 apply_ms=0.244107 hbm_ms=0.269948
PURE_PIPELINE_HOST stage=launch_step step=15
PURE_PIPELINE_HOST stage=enqueue_hbm step=15
PURE_PIPELINE_HOST stage=enqueued_hbm step=15
PURE_PIPELINE_HOST stage=enqueue_apply step=15
PURE_PIPELINE_HOST stage=enqueued_apply step=15
PURE_PIPELINE_HOST stage=enqueue_lksg step=15
PURE_PIPELINE_HOST stage=enqueued_lksg step=15
PURE_PIPELINE_HOST stage=wait_step step=15
PURE_PIPELINE_SUPERSTEP step=15 lksg_ms=0.211296 apply_ms=0.240747 hbm_ms=0.272168
PURE_PIPELINE_HOST stage=launch_step step=16
PURE_PIPELINE_HOST stage=enqueue_hbm step=16
PURE_PIPELINE_HOST stage=enqueued_hbm step=16
PURE_PIPELINE_HOST stage=enqueue_apply step=16
PURE_PIPELINE_HOST stage=enqueued_apply step=16
PURE_PIPELINE_HOST stage=enqueue_lksg step=16
PURE_PIPELINE_HOST stage=enqueued_lksg step=16
PURE_PIPELINE_HOST stage=wait_step step=16
PURE_PIPELINE_SUPERSTEP step=16 lksg_ms=0.211366 apply_ms=0.240517 hbm_ms=0.266537
PURE_PIPELINE_HOST stage=launch_step step=17
PURE_PIPELINE_HOST stage=enqueue_hbm step=17
PURE_PIPELINE_HOST stage=enqueued_hbm step=17
PURE_PIPELINE_HOST stage=enqueue_apply step=17
PURE_PIPELINE_HOST stage=enqueued_apply step=17
PURE_PIPELINE_HOST stage=enqueue_lksg step=17
PURE_PIPELINE_HOST stage=enqueued_lksg step=17
PURE_PIPELINE_HOST stage=wait_step step=17
PURE_PIPELINE_SUPERSTEP step=17 lksg_ms=0.213756 apply_ms=0.240196 hbm_ms=0.268307
PURE_PIPELINE_HOST stage=launch_step step=18
PURE_PIPELINE_HOST stage=enqueue_hbm step=18
PURE_PIPELINE_HOST stage=enqueued_hbm step=18
PURE_PIPELINE_HOST stage=enqueue_apply step=18
PURE_PIPELINE_HOST stage=enqueued_apply step=18
PURE_PIPELINE_HOST stage=enqueue_lksg step=18
PURE_PIPELINE_HOST stage=enqueued_lksg step=18
PURE_PIPELINE_HOST stage=wait_step step=18
PURE_PIPELINE_SUPERSTEP step=18 lksg_ms=0.214977 apply_ms=0.244107 hbm_ms=0.272308
PURE_PIPELINE_HOST stage=launch_step step=19
PURE_PIPELINE_HOST stage=enqueue_hbm step=19
PURE_PIPELINE_HOST stage=enqueued_hbm step=19
PURE_PIPELINE_HOST stage=enqueue_apply step=19
PURE_PIPELINE_HOST stage=enqueued_apply step=19
PURE_PIPELINE_HOST stage=enqueue_lksg step=19
PURE_PIPELINE_HOST stage=enqueued_lksg step=19
PURE_PIPELINE_HOST stage=wait_step step=19
PURE_PIPELINE_SUPERSTEP step=19 lksg_ms=0.209896 apply_ms=0.241157 hbm_ms=0.270748
PURE_PIPELINE_HOST stage=launch_step step=20
PURE_PIPELINE_HOST stage=enqueue_hbm step=20
PURE_PIPELINE_HOST stage=enqueued_hbm step=20
PURE_PIPELINE_HOST stage=enqueue_apply step=20
PURE_PIPELINE_HOST stage=enqueued_apply step=20
PURE_PIPELINE_HOST stage=enqueue_lksg step=20
PURE_PIPELINE_HOST stage=enqueued_lksg step=20
PURE_PIPELINE_HOST stage=wait_step step=20
PURE_PIPELINE_SUPERSTEP step=20 lksg_ms=0.211516 apply_ms=0.239677 hbm_ms=0.268978
PURE_PIPELINE_HOST stage=launch_step step=21
PURE_PIPELINE_HOST stage=enqueue_hbm step=21
PURE_PIPELINE_HOST stage=enqueued_hbm step=21
PURE_PIPELINE_HOST stage=enqueue_apply step=21
PURE_PIPELINE_HOST stage=enqueued_apply step=21
PURE_PIPELINE_HOST stage=enqueue_lksg step=21
PURE_PIPELINE_HOST stage=enqueued_lksg step=21
PURE_PIPELINE_HOST stage=wait_step step=21
PURE_PIPELINE_SUPERSTEP step=21 lksg_ms=0.213756 apply_ms=0.247167 hbm_ms=0.272758
PURE_PIPELINE_HOST stage=launch_step step=22
PURE_PIPELINE_HOST stage=enqueue_hbm step=22
PURE_PIPELINE_HOST stage=enqueued_hbm step=22
PURE_PIPELINE_HOST stage=enqueue_apply step=22
PURE_PIPELINE_HOST stage=enqueued_apply step=22
PURE_PIPELINE_HOST stage=enqueue_lksg step=22
PURE_PIPELINE_HOST stage=enqueued_lksg step=22
PURE_PIPELINE_HOST stage=wait_step step=22
PURE_PIPELINE_SUPERSTEP step=22 lksg_ms=0.213166 apply_ms=0.240627 hbm_ms=0.269058
PURE_PIPELINE_HOST stage=launch_step step=23
PURE_PIPELINE_HOST stage=enqueue_hbm step=23
PURE_PIPELINE_HOST stage=enqueued_hbm step=23
PURE_PIPELINE_HOST stage=enqueue_apply step=23
PURE_PIPELINE_HOST stage=enqueued_apply step=23
PURE_PIPELINE_HOST stage=enqueue_lksg step=23
PURE_PIPELINE_HOST stage=enqueued_lksg step=23
PURE_PIPELINE_HOST stage=wait_step step=23
PURE_PIPELINE_SUPERSTEP step=23 lksg_ms=0.213116 apply_ms=0.243607 hbm_ms=0.271698
PURE_PIPELINE_HOST stage=launch_step step=24
PURE_PIPELINE_HOST stage=enqueue_hbm step=24
PURE_PIPELINE_HOST stage=enqueued_hbm step=24
PURE_PIPELINE_HOST stage=enqueue_apply step=24
PURE_PIPELINE_HOST stage=enqueued_apply step=24
PURE_PIPELINE_HOST stage=enqueue_lksg step=24
PURE_PIPELINE_HOST stage=enqueued_lksg step=24
PURE_PIPELINE_HOST stage=wait_step step=24
PURE_PIPELINE_SUPERSTEP step=24 lksg_ms=0.206476 apply_ms=0.239637 hbm_ms=0.268908
PURE_PIPELINE_HOST stage=launch_step step=25
PURE_PIPELINE_HOST stage=enqueue_hbm step=25
PURE_PIPELINE_HOST stage=enqueued_hbm step=25
PURE_PIPELINE_HOST stage=enqueue_apply step=25
PURE_PIPELINE_HOST stage=enqueued_apply step=25
PURE_PIPELINE_HOST stage=enqueue_lksg step=25
PURE_PIPELINE_HOST stage=enqueued_lksg step=25
PURE_PIPELINE_HOST stage=wait_step step=25
PURE_PIPELINE_SUPERSTEP step=25 lksg_ms=0.207336 apply_ms=0.236457 hbm_ms=0.261657
PURE_PIPELINE_HOST stage=launch_step step=26
PURE_PIPELINE_HOST stage=enqueue_hbm step=26
PURE_PIPELINE_HOST stage=enqueued_hbm step=26
PURE_PIPELINE_HOST stage=enqueue_apply step=26
PURE_PIPELINE_HOST stage=enqueued_apply step=26
PURE_PIPELINE_HOST stage=enqueue_lksg step=26
PURE_PIPELINE_HOST stage=enqueued_lksg step=26
PURE_PIPELINE_HOST stage=wait_step step=26
PURE_PIPELINE_SUPERSTEP step=26 lksg_ms=0.207596 apply_ms=0.237917 hbm_ms=0.267958
PURE_PIPELINE_HOST stage=launch_step step=27
PURE_PIPELINE_HOST stage=enqueue_hbm step=27
PURE_PIPELINE_HOST stage=enqueued_hbm step=27
PURE_PIPELINE_HOST stage=enqueue_apply step=27
PURE_PIPELINE_HOST stage=enqueued_apply step=27
PURE_PIPELINE_HOST stage=enqueue_lksg step=27
PURE_PIPELINE_HOST stage=enqueued_lksg step=27
PURE_PIPELINE_HOST stage=wait_step step=27
PURE_PIPELINE_SUPERSTEP step=27 lksg_ms=0.215326 apply_ms=0.243577 hbm_ms=0.270588
PURE_PIPELINE_HOST stage=launch_step step=28
PURE_PIPELINE_HOST stage=enqueue_hbm step=28
PURE_PIPELINE_HOST stage=enqueued_hbm step=28
PURE_PIPELINE_HOST stage=enqueue_apply step=28
PURE_PIPELINE_HOST stage=enqueued_apply step=28
PURE_PIPELINE_HOST stage=enqueue_lksg step=28
PURE_PIPELINE_HOST stage=enqueued_lksg step=28
PURE_PIPELINE_HOST stage=wait_step step=28
PURE_PIPELINE_SUPERSTEP step=28 lksg_ms=0.213476 apply_ms=0.241197 hbm_ms=0.268318
PURE_PIPELINE_HOST stage=launch_step step=29
PURE_PIPELINE_HOST stage=enqueue_hbm step=29
PURE_PIPELINE_HOST stage=enqueued_hbm step=29
PURE_PIPELINE_HOST stage=enqueue_apply step=29
PURE_PIPELINE_HOST stage=enqueued_apply step=29
PURE_PIPELINE_HOST stage=enqueue_lksg step=29
PURE_PIPELINE_HOST stage=enqueued_lksg step=29
PURE_PIPELINE_HOST stage=wait_step step=29
PURE_PIPELINE_SUPERSTEP step=29 lksg_ms=0.210166 apply_ms=0.241997 hbm_ms=0.269648
PURE_PIPELINE_HOST stage=launch_step step=30
PURE_PIPELINE_HOST stage=enqueue_hbm step=30
PURE_PIPELINE_HOST stage=enqueued_hbm step=30
PURE_PIPELINE_HOST stage=enqueue_apply step=30
PURE_PIPELINE_HOST stage=enqueued_apply step=30
PURE_PIPELINE_HOST stage=enqueue_lksg step=30
PURE_PIPELINE_HOST stage=enqueued_lksg step=30
PURE_PIPELINE_HOST stage=wait_step step=30
PURE_PIPELINE_SUPERSTEP step=30 lksg_ms=0.208596 apply_ms=0.236657 hbm_ms=0.262448
PURE_PIPELINE_HOST stage=launch_step step=31
PURE_PIPELINE_HOST stage=enqueue_hbm step=31
PURE_PIPELINE_HOST stage=enqueued_hbm step=31
PURE_PIPELINE_HOST stage=enqueue_apply step=31
PURE_PIPELINE_HOST stage=enqueued_apply step=31
PURE_PIPELINE_HOST stage=enqueue_lksg step=31
PURE_PIPELINE_HOST stage=enqueued_lksg step=31
PURE_PIPELINE_HOST stage=wait_step step=31
PURE_PIPELINE_SUPERSTEP step=31 lksg_ms=0.211116 apply_ms=0.243147 hbm_ms=0.270078
PURE_PIPELINE_HOST stage=launch_step step=32
PURE_PIPELINE_HOST stage=enqueue_hbm step=32
PURE_PIPELINE_HOST stage=enqueued_hbm step=32
PURE_PIPELINE_HOST stage=enqueue_apply step=32
PURE_PIPELINE_HOST stage=enqueued_apply step=32
PURE_PIPELINE_HOST stage=enqueue_lksg step=32
PURE_PIPELINE_HOST stage=enqueued_lksg step=32
PURE_PIPELINE_HOST stage=wait_step step=32
PURE_PIPELINE_SUPERSTEP step=32 lksg_ms=0.213046 apply_ms=0.242497 hbm_ms=0.279458
PURE_PIPELINE_TIMING grasu_ms=0.947057 barrier_ms=0.039062 adapter_ms=3.538982 pma_compact_ms=3.538982 lksg_ms=7.121184 apply_ms=8.091264 hbm_ms=8.985062 event_e2e_ms=15.206728 wall_ms=15.295531
PURE_PIPELINE_RESULT status=PASS mismatches=0 vertices=4096 final_edges=5119 pma_scan_slots_once=65520 processed_edge_slots_per_superstep=5120 source_external=0 source_internal=4088 supersteps=32
