PURE_PIPELINE_INPUT vertices=16 static_edges=15 update_edges=0 final_edges=15 pma_slots=240 compact_edge_slots=32 source_external=0 source_internal=0 supersteps=16
Using XCL_DEVICE_INDEX=0
PURE_PIPELINE_HOST stage=launch_grasu
PURE_PIPELINE_HOST stage=enqueued_process_cache_1
PURE_PIPELINE_HOST stage=enqueued_process_cache_2
PURE_PIPELINE_HOST stage=enqueued_process_ddr_1
PURE_PIPELINE_HOST stage=enqueued_process_ddr_2
PURE_PIPELINE_HOST stage=enqueued_dispatch
PURE_PIPELINE_HOST stage=enqueued_bin_search_1
PURE_PIPELINE_HOST stage=enqueued_bin_search_2
PURE_PIPELINE_HOST stage=enqueued_bin_search_3
PURE_PIPELINE_HOST stage=enqueued_bin_search_4
PURE_PIPELINE_HOST stage=flushed_grasu_producers
PURE_PIPELINE_HOST stage=enqueue_barrier
PURE_PIPELINE_HOST stage=enqueued_barrier
PURE_PIPELINE_HOST stage=enqueue_pma_compactor
PURE_PIPELINE_HOST stage=enqueued_pma_compactor
PURE_PIPELINE_HOST stage=wait_pma_compactor
PURE_PIPELINE_HOST stage=pma_compactor_done
PURE_PIPELINE_HOST stage=launch_step step=1
PURE_PIPELINE_HOST stage=enqueue_hbm step=1
PURE_PIPELINE_HOST stage=enqueued_hbm step=1
PURE_PIPELINE_HOST stage=enqueue_apply step=1
PURE_PIPELINE_HOST stage=enqueued_apply step=1
PURE_PIPELINE_HOST stage=enqueue_lksg step=1
PURE_PIPELINE_HOST stage=enqueued_lksg step=1
PURE_PIPELINE_HOST stage=wait_step step=1
PURE_PIPELINE_SUPERSTEP step=1 lksg_ms=0.383591 apply_ms=0.409202 hbm_ms=0.439933
PURE_PIPELINE_HOST stage=launch_step step=2
PURE_PIPELINE_HOST stage=enqueue_hbm step=2
PURE_PIPELINE_HOST stage=enqueued_hbm step=2
PURE_PIPELINE_HOST stage=enqueue_apply step=2
PURE_PIPELINE_HOST stage=enqueued_apply step=2
PURE_PIPELINE_HOST stage=enqueue_lksg step=2
PURE_PIPELINE_HOST stage=enqueued_lksg step=2
PURE_PIPELINE_HOST stage=wait_step step=2
PURE_PIPELINE_SUPERSTEP step=2 lksg_ms=0.222117 apply_ms=0.246387 hbm_ms=0.273658
PURE_PIPELINE_HOST stage=launch_step step=3
PURE_PIPELINE_HOST stage=enqueue_hbm step=3
PURE_PIPELINE_HOST stage=enqueued_hbm step=3
PURE_PIPELINE_HOST stage=enqueue_apply step=3
PURE_PIPELINE_HOST stage=enqueued_apply step=3
PURE_PIPELINE_HOST stage=enqueue_lksg step=3
PURE_PIPELINE_HOST stage=enqueued_lksg step=3
PURE_PIPELINE_HOST stage=wait_step step=3
PURE_PIPELINE_SUPERSTEP step=3 lksg_ms=0.216946 apply_ms=0.241307 hbm_ms=0.267448
PURE_PIPELINE_HOST stage=launch_step step=4
PURE_PIPELINE_HOST stage=enqueue_hbm step=4
PURE_PIPELINE_HOST stage=enqueued_hbm step=4
PURE_PIPELINE_HOST stage=enqueue_apply step=4
PURE_PIPELINE_HOST stage=enqueued_apply step=4
PURE_PIPELINE_HOST stage=enqueue_lksg step=4
PURE_PIPELINE_HOST stage=enqueued_lksg step=4
PURE_PIPELINE_HOST stage=wait_step step=4
PURE_PIPELINE_SUPERSTEP step=4 lksg_ms=0.215366 apply_ms=0.239407 hbm_ms=0.267998
PURE_PIPELINE_HOST stage=launch_step step=5
PURE_PIPELINE_HOST stage=enqueue_hbm step=5
PURE_PIPELINE_HOST stage=enqueued_hbm step=5
PURE_PIPELINE_HOST stage=enqueue_apply step=5
PURE_PIPELINE_HOST stage=enqueued_apply step=5
PURE_PIPELINE_HOST stage=enqueue_lksg step=5
PURE_PIPELINE_HOST stage=enqueued_lksg step=5
PURE_PIPELINE_HOST stage=wait_step step=5
PURE_PIPELINE_SUPERSTEP step=5 lksg_ms=0.216576 apply_ms=0.240667 hbm_ms=0.270008
PURE_PIPELINE_HOST stage=launch_step step=6
PURE_PIPELINE_HOST stage=enqueue_hbm step=6
PURE_PIPELINE_HOST stage=enqueued_hbm step=6
PURE_PIPELINE_HOST stage=enqueue_apply step=6
PURE_PIPELINE_HOST stage=enqueued_apply step=6
PURE_PIPELINE_HOST stage=enqueue_lksg step=6
PURE_PIPELINE_HOST stage=enqueued_lksg step=6
PURE_PIPELINE_HOST stage=wait_step step=6
PURE_PIPELINE_SUPERSTEP step=6 lksg_ms=0.217756 apply_ms=0.243647 hbm_ms=0.272258
PURE_PIPELINE_HOST stage=launch_step step=7
PURE_PIPELINE_HOST stage=enqueue_hbm step=7
PURE_PIPELINE_HOST stage=enqueued_hbm step=7
PURE_PIPELINE_HOST stage=enqueue_apply step=7
PURE_PIPELINE_HOST stage=enqueued_apply step=7
PURE_PIPELINE_HOST stage=enqueue_lksg step=7
PURE_PIPELINE_HOST stage=enqueued_lksg step=7
PURE_PIPELINE_HOST stage=wait_step step=7
PURE_PIPELINE_SUPERSTEP step=7 lksg_ms=0.224997 apply_ms=0.249598 hbm_ms=0.276208
PURE_PIPELINE_HOST stage=launch_step step=8
PURE_PIPELINE_HOST stage=enqueue_hbm step=8
PURE_PIPELINE_HOST stage=enqueued_hbm step=8
PURE_PIPELINE_HOST stage=enqueue_apply step=8
PURE_PIPELINE_HOST stage=enqueued_apply step=8
PURE_PIPELINE_HOST stage=enqueue_lksg step=8
PURE_PIPELINE_HOST stage=enqueued_lksg step=8
PURE_PIPELINE_HOST stage=wait_step step=8
PURE_PIPELINE_SUPERSTEP step=8 lksg_ms=0.215107 apply_ms=0.238897 hbm_ms=0.265968
PURE_PIPELINE_HOST stage=launch_step step=9
PURE_PIPELINE_HOST stage=enqueue_hbm step=9
PURE_PIPELINE_HOST stage=enqueued_hbm step=9
PURE_PIPELINE_HOST stage=enqueue_apply step=9
PURE_PIPELINE_HOST stage=enqueued_apply step=9
PURE_PIPELINE_HOST stage=enqueue_lksg step=9
PURE_PIPELINE_HOST stage=enqueued_lksg step=9
PURE_PIPELINE_HOST stage=wait_step step=9
PURE_PIPELINE_SUPERSTEP step=9 lksg_ms=0.212636 apply_ms=0.245397 hbm_ms=0.271278
PURE_PIPELINE_HOST stage=launch_step step=10
PURE_PIPELINE_HOST stage=enqueue_hbm step=10
PURE_PIPELINE_HOST stage=enqueued_hbm step=10
PURE_PIPELINE_HOST stage=enqueue_apply step=10
PURE_PIPELINE_HOST stage=enqueued_apply step=10
PURE_PIPELINE_HOST stage=enqueue_lksg step=10
PURE_PIPELINE_HOST stage=enqueued_lksg step=10
PURE_PIPELINE_HOST stage=wait_step step=10
PURE_PIPELINE_SUPERSTEP step=10 lksg_ms=0.210436 apply_ms=0.236287 hbm_ms=0.265848
PURE_PIPELINE_HOST stage=launch_step step=11
PURE_PIPELINE_HOST stage=enqueue_hbm step=11
PURE_PIPELINE_HOST stage=enqueued_hbm step=11
PURE_PIPELINE_HOST stage=enqueue_apply step=11
PURE_PIPELINE_HOST stage=enqueued_apply step=11
PURE_PIPELINE_HOST stage=enqueue_lksg step=11
PURE_PIPELINE_HOST stage=enqueued_lksg step=11
PURE_PIPELINE_HOST stage=wait_step step=11
PURE_PIPELINE_SUPERSTEP step=11 lksg_ms=0.219146 apply_ms=0.242567 hbm_ms=0.272068
PURE_PIPELINE_HOST stage=launch_step step=12
PURE_PIPELINE_HOST stage=enqueue_hbm step=12
PURE_PIPELINE_HOST stage=enqueued_hbm step=12
PURE_PIPELINE_HOST stage=enqueue_apply step=12
PURE_PIPELINE_HOST stage=enqueued_apply step=12
PURE_PIPELINE_HOST stage=enqueue_lksg step=12
PURE_PIPELINE_HOST stage=enqueued_lksg step=12
PURE_PIPELINE_HOST stage=wait_step step=12
PURE_PIPELINE_SUPERSTEP step=12 lksg_ms=0.212306 apply_ms=0.239697 hbm_ms=0.267328
PURE_PIPELINE_HOST stage=launch_step step=13
PURE_PIPELINE_HOST stage=enqueue_hbm step=13
PURE_PIPELINE_HOST stage=enqueued_hbm step=13
PURE_PIPELINE_HOST stage=enqueue_apply step=13
PURE_PIPELINE_HOST stage=enqueued_apply step=13
PURE_PIPELINE_HOST stage=enqueue_lksg step=13
PURE_PIPELINE_HOST stage=enqueued_lksg step=13
PURE_PIPELINE_HOST stage=wait_step step=13
PURE_PIPELINE_SUPERSTEP step=13 lksg_ms=0.223546 apply_ms=0.247107 hbm_ms=0.273268
PURE_PIPELINE_HOST stage=launch_step step=14
PURE_PIPELINE_HOST stage=enqueue_hbm step=14
PURE_PIPELINE_HOST stage=enqueued_hbm step=14
PURE_PIPELINE_HOST stage=enqueue_apply step=14
PURE_PIPELINE_HOST stage=enqueued_apply step=14
PURE_PIPELINE_HOST stage=enqueue_lksg step=14
PURE_PIPELINE_HOST stage=enqueued_lksg step=14
PURE_PIPELINE_HOST stage=wait_step step=14
PURE_PIPELINE_SUPERSTEP step=14 lksg_ms=0.213826 apply_ms=0.237777 hbm_ms=0.264218
PURE_PIPELINE_HOST stage=launch_step step=15
PURE_PIPELINE_HOST stage=enqueue_hbm step=15
PURE_PIPELINE_HOST stage=enqueued_hbm step=15
PURE_PIPELINE_HOST stage=enqueue_apply step=15
PURE_PIPELINE_HOST stage=enqueued_apply step=15
PURE_PIPELINE_HOST stage=enqueue_lksg step=15
PURE_PIPELINE_HOST stage=enqueued_lksg step=15
PURE_PIPELINE_HOST stage=wait_step step=15
PURE_PIPELINE_SUPERSTEP step=15 lksg_ms=0.212736 apply_ms=0.237877 hbm_ms=0.267448
PURE_PIPELINE_HOST stage=launch_step step=16
PURE_PIPELINE_HOST stage=enqueue_hbm step=16
PURE_PIPELINE_HOST stage=enqueued_hbm step=16
PURE_PIPELINE_HOST stage=enqueue_apply step=16
PURE_PIPELINE_HOST stage=enqueued_apply step=16
PURE_PIPELINE_HOST stage=enqueue_lksg step=16
PURE_PIPELINE_HOST stage=enqueued_lksg step=16
PURE_PIPELINE_HOST stage=wait_step step=16
PURE_PIPELINE_SUPERSTEP step=16 lksg_ms=0.215746 apply_ms=0.241297 hbm_ms=0.270268
PURE_PIPELINE_TIMING grasu_ms=0.415212 barrier_ms=0.048151 adapter_ms=0.081483 pma_compact_ms=0.081483 lksg_ms=3.632834 apply_ms=4.037118 hbm_ms=4.485203 event_e2e_ms=5.898910 wall_ms=5.977483
PURE_PIPELINE_RESULT status=PASS mismatches=0 vertices=16 final_edges=15 pma_scan_slots_once=240 processed_edge_slots_per_superstep=32 source_external=0 source_internal=0 supersteps=16
