PURE_PIPELINE_INPUT vertices=4096 static_edges=4096 update_edges=1024 final_edges=5120 pma_slots=66560 compact_edge_slots=5120 source_external=0 source_internal=0 supersteps=2
Using XCL_DEVICE_INDEX=0
PURE_PIPELINE_HOST stage=launch_grasu
PURE_PIPELINE_HOST stage=enqueued_process_cache_1
PURE_PIPELINE_HOST stage=enqueued_process_cache_2
PURE_PIPELINE_HOST stage=enqueued_process_ddr_1
PURE_PIPELINE_HOST stage=enqueued_process_ddr_2
PURE_PIPELINE_HOST stage=enqueued_dispatch
PURE_PIPELINE_HOST stage=enqueued_bin_search_1
PURE_PIPELINE_HOST stage=enqueued_bin_search_2
PURE_PIPELINE_HOST stage=enqueued_bin_search_3
PURE_PIPELINE_HOST stage=enqueued_bin_search_4
PURE_PIPELINE_HOST stage=flushed_grasu_producers
PURE_PIPELINE_HOST stage=enqueue_barrier
PURE_PIPELINE_HOST stage=enqueued_barrier
PURE_PIPELINE_HOST stage=enqueue_pma_compactor
PURE_PIPELINE_HOST stage=enqueued_pma_compactor
PURE_PIPELINE_HOST stage=wait_pma_compactor
PURE_PIPELINE_HOST stage=pma_compactor_done
PURE_PIPELINE_HOST stage=launch_step step=1
PURE_PIPELINE_HOST stage=enqueue_hbm step=1
PURE_PIPELINE_HOST stage=enqueued_hbm step=1
PURE_PIPELINE_HOST stage=enqueue_apply step=1
PURE_PIPELINE_HOST stage=enqueued_apply step=1
PURE_PIPELINE_HOST stage=enqueue_lksg step=1
PURE_PIPELINE_HOST stage=enqueued_lksg step=1
PURE_PIPELINE_HOST stage=wait_step step=1
PURE_PIPELINE_SUPERSTEP step=1 lksg_ms=0.392252 apply_ms=0.422502 hbm_ms=0.458143
PURE_PIPELINE_HOST stage=launch_step step=2
PURE_PIPELINE_HOST stage=enqueue_hbm step=2
PURE_PIPELINE_HOST stage=enqueued_hbm step=2
PURE_PIPELINE_HOST stage=enqueue_apply step=2
PURE_PIPELINE_HOST stage=enqueued_apply step=2
PURE_PIPELINE_HOST stage=enqueue_lksg step=2
PURE_PIPELINE_HOST stage=enqueued_lksg step=2
PURE_PIPELINE_HOST stage=wait_step step=2
PURE_PIPELINE_SUPERSTEP step=2 lksg_ms=0.228466 apply_ms=0.251857 hbm_ms=0.277128
PURE_PIPELINE_TIMING grasu_ms=1.290257 barrier_ms=0.046202 adapter_ms=3.598633 pma_compact_ms=3.598633 lksg_ms=0.620718 apply_ms=0.674359 hbm_ms=0.735271 event_e2e_ms=5.907950 wall_ms=5.995503
PURE_PIPELINE_RESULT status=PASS mismatches=0 vertices=4096 final_edges=5120 pma_scan_slots_once=66560 processed_edge_slots_per_superstep=5120 source_external=0 source_internal=0 supersteps=2
