Copyright 1986-2022 Xilinx, Inc. All Rights Reserved. Copyright 2022-2024 Advanced Micro Devices, Inc. All Rights Reserved.
--------------------------------------------------------------------------------------------------------------------------------------------------------------------------------------------------------------------------------------------------------------------------------------------------------------------------------------------------------
| Tool Version : Vivado v.2024.1 (lin64) Build 5076996 Wed May 22 18:36:09 MDT 2024
| Date         : Sun Jul 26 05:57:23 2026
| Host         : trifoliate running 64-bit Debian GNU/Linux trixie/sid
| Command      : report_accelerator_utilization -kernels { spine_partconv_compute_kernel:level0_i/ulp/spine_partconv_compute_kernel_1/inst:spine_partconv_compute_kernel_1 spine_partconv_rdmaint_kernel:level0_i/ulp/spine_partconv_rdmaint_kernel_1/inst:spine_partconv_rdmaint_kernel_1} -file kernel_util_routed.rpt -name kernel_util_routed -json
| Design       : level0_wrapper
| Device       : xcu55c
| Design State : Fully Placed
--------------------------------------------------------------------------------------------------------------------------------------------------------------------------------------------------------------------------------------------------------------------------------------------------------------------------------------------------------

Accelerator Utilization Design Information

Table of Contents
-----------------
1. System Utilization

1. System Utilization
---------------------

+------------------------------------+-------------------+------------------+-------------------+----------------+---------------+----------------+
| Name                               | LUT               | LUTAsMem         | REG               | BRAM           | URAM          | DSP            |
+------------------------------------+-------------------+------------------+-------------------+----------------+---------------+----------------+
| Platform                           |  159071 [ 12.20%] |  19659 [  3.27%] |  247462 [  9.49%] |  200 [  9.92%] |   0 [  0.00%] |    4 [  0.04%] |
| User Budget                        | 1144609 [100.00%] | 581301 [100.00%] | 2359898 [100.00%] | 1816 [100.00%] | 960 [100.00%] | 9020 [100.00%] |
|    Used Resources                  |  127910 [ 11.17%] |  12030 [  2.07%] |  149746 [  6.35%] |   99 [  5.45%] |  99 [ 10.31%] |   22 [  0.24%] |
|    Unused Resources                | 1016699 [ 88.83%] | 569271 [ 97.93%] | 2210152 [ 93.65%] | 1717 [ 94.55%] | 861 [ 89.69%] | 8998 [ 99.76%] |
| spine_partconv_compute_kernel      |   10021 [  0.88%] |   1427 [  0.25%] |   13574 [  0.58%] |   44 [  2.42%] |  16 [  1.67%] |    0 [  0.00%] |
|    spine_partconv_compute_kernel_1 |   10021 [  0.88%] |   1427 [  0.25%] |   13574 [  0.58%] |   44 [  2.42%] |  16 [  1.67%] |    0 [  0.00%] |
| spine_partconv_rdmaint_kernel      |  117889 [ 10.30%] |  10603 [  1.82%] |  136172 [  5.77%] |   55 [  3.03%] |  83 [  8.65%] |   22 [  0.24%] |
|    spine_partconv_rdmaint_kernel_1 |  117889 [ 10.30%] |  10603 [  1.82%] |  136172 [  5.77%] |   55 [  3.03%] |  83 [  8.65%] |   22 [  0.24%] |
+------------------------------------+-------------------+------------------+-------------------+----------------+---------------+----------------+


