Copyright 1986-2022 Xilinx, Inc. All Rights Reserved. Copyright 2022-2024 Advanced Micro Devices, Inc. All Rights Reserved.
---------------------------------------------------------------------------------------------------------------------------------------------
| Tool Version : Vivado v.2024.1 (lin64) Build 5076996 Wed May 22 18:36:09 MDT 2024
| Date         : Sun Jul 26 05:57:57 2026
| Host         : trifoliate running 64-bit Debian GNU/Linux trixie/sid
| Command      : report_utilization -slr -file slr_util_routed.rpt -pb slr_util_routed.pb
| Design       : level0_wrapper
| Device       : xcu55c-fsvh2892-2L-e
| Speed File   : -2L
| Design State : Routed
---------------------------------------------------------------------------------------------------------------------------------------------

Utilization Design Information

Table of Contents
-----------------
1. SLR Connectivity
2. SLR Connectivity Matrix
3. SLR CLB Logic and Dedicated Block Utilization
4. SLR IO Utilization

1. SLR Connectivity
-------------------

+----------------------------------+-------+-------+-----------+-------+
|                                  |  Used | Fixed | Available | Util% |
+----------------------------------+-------+-------+-----------+-------+
| SLR2 <-> SLR1                    |  5094 |       |     23040 | 22.11 |
|   SLR1 -> SLR2                   |  2589 |       |           | 11.24 |
|     Using TX_REG only            |     0 |     0 |           |       |
|     Using RX_REG only            |     0 |     0 |           |       |
|     Using Both TX_REG and RX_REG |     0 |     0 |           |       |
|   SLR2 -> SLR1                   |  2505 |       |           | 10.87 |
|     Using TX_REG only            |     0 |     0 |           |       |
|     Using RX_REG only            |     0 |     0 |           |       |
|     Using Both TX_REG and RX_REG |     0 |     0 |           |       |
| SLR1 <-> SLR0                    |  7452 |       |     23040 | 32.34 |
|   SLR0 -> SLR1                   |  3404 |       |           | 14.77 |
|     Using TX_REG only            |     0 |     0 |           |       |
|     Using RX_REG only            |     0 |     0 |           |       |
|     Using Both TX_REG and RX_REG |     0 |     0 |           |       |
|   SLR1 -> SLR0                   |  4048 |       |           | 17.57 |
|     Using TX_REG only            |     0 |     0 |           |       |
|     Using RX_REG only            |     0 |     0 |           |       |
|     Using Both TX_REG and RX_REG |     0 |     0 |           |       |
+----------------------------------+-------+-------+-----------+-------+
| Total SLLs Used                  | 12546 |       |           |       |
+----------------------------------+-------+-------+-----------+-------+


2. SLR Connectivity Matrix
--------------------------

+-----------+------+------+------+
| FROM \ TO | SLR2 | SLR1 | SLR0 |
+-----------+------+------+------+
| SLR2      |    0 | 2405 |  100 |
| SLR1      | 2525 |    0 | 3948 |
| SLR0      |   64 | 3340 |    0 |
+-----------+------+------+------+


3. SLR CLB Logic and Dedicated Block Utilization
------------------------------------------------

+----------------------------+--------+--------+-------+--------+--------+--------+
|          Site Type         |  SLR0  |  SLR1  |  SLR2 | SLR0 % | SLR1 % | SLR2 % |
+----------------------------+--------+--------+-------+--------+--------+--------+
| CLB                        |  42084 |  15403 |  6652 |  76.57 |  28.52 |  12.32 |
|   CLBL                     |  21844 |   8316 |  3432 |  74.60 |  28.40 |  11.72 |
|   CLBM                     |  20240 |   7087 |  3220 |  78.82 |  28.67 |  13.03 |
| CLB LUTs                   | 183344 |  77666 | 25944 |  41.70 |  17.98 |   6.01 |
|   LUT as Logic             | 160155 |  70687 | 24423 |  36.43 |  16.36 |   5.65 |
|     using O5 output only   |   3105 |   1259 |   451 |   0.71 |   0.29 |   0.10 |
|     using O6 output only   | 119538 |  52406 | 17306 |  27.19 |  12.13 |   4.01 |
|     using O5 and O6        |  37512 |  17022 |  6666 |   8.53 |   3.94 |   1.54 |
|   LUT as Memory            |  23189 |   6979 |  1521 |  11.29 |   3.53 |   0.77 |
|     LUT as Distributed RAM |   9436 |   4796 |   820 |   4.59 |   2.43 |   0.41 |
|       using O6 output only |    243 |    386 |     0 |   0.12 |   0.20 |   0.00 |
|       using O5 and O6      |   9193 |   4410 |   820 |   4.47 |   2.23 |   0.41 |
|     LUT as Shift Register  |  13753 |   2183 |   701 |   6.69 |   1.10 |   0.35 |
|       using O6 output only |  11902 |   1951 |   667 |   5.79 |   0.99 |   0.34 |
|       using O5 and O6      |   1851 |    232 |    34 |   0.90 |   0.12 |   0.02 |
| CLB Registers              | 257444 | 103845 | 35919 |  29.28 |  12.02 |   4.16 |
| CARRY8                     |   5989 |   1203 |   108 |  10.90 |   2.23 |   0.20 |
| F7 Muxes                   |   5598 |   1964 |   437 |   2.55 |   0.91 |   0.20 |
| F8 Muxes                   |    645 |    336 |     0 |   0.59 |   0.31 |   0.00 |
| F9 Muxes                   |      0 |      0 |     0 |   0.00 |   0.00 |   0.00 |
| Block RAM Tile             |  115.5 |    134 |    50 |  17.19 |  19.94 |   7.44 |
|   RAMB36/FIFO              |    109 |    100 |    50 |  16.22 |  14.88 |   7.44 |
|   RAMB18                   |     13 |     68 |     0 |   0.97 |   5.06 |   0.00 |
| URAM                       |     83 |     16 |     0 |  25.94 |   5.00 |   0.00 |
| DSPs                       |     22 |      0 |     4 |   0.76 |   0.00 |   0.13 |
| Unique Control Sets        |   6726 |   4133 |  1132 |   6.12 |   3.83 |   1.05 |
+----------------------------+--------+--------+-------+--------+--------+--------+
* Note: Available Control Sets based on CLB Registers / 8


4. SLR IO Utilization
---------------------

+-----------+-----------+---------+------------+----------+------------+----------+-----+
| SLR Index | Used IOBs | (%)IOBs | Used IPADs | (%)IPADs | Used OPADs | (%)OPADs | GTs |
+-----------+-----------+---------+------------+----------+------------+----------+-----+
| SLR2      |         0 |    0.00 |          0 |     0.00 |          0 |     0.00 |   0 |
| SLR1      |         0 |    0.00 |          0 |     0.00 |          0 |     0.00 |   0 |
| SLR0      |        12 |    5.77 |          0 |     0.00 |          0 |     0.00 |  16 |
+-----------+-----------+---------+------------+----------+------------+----------+-----+
| Total     |        12 |         |          0 |          |          0 |          |  16 |
+-----------+-----------+---------+------------+----------+------------+----------+-----+


