Cache size                    : 128
Block size                    : 1
Associativity                 : 1
Read only ports               : 0
Write only ports              : 0
Read write ports              : 1
Single ended read ports       : 0
Cache banks (UCA)             : 1
Technology                    : 0.032
User specified HP   Vdd (v)?  : false
User specified LSTP Vdd (v)?  : false
User specified LOP  Vdd (v)?  : false
Temperature                   : 350
Tag size                      : 0
array type                    : Scratch RAM
Model as memory               : false
Access mode                   : 0
Data array cell type          : 0
Data array peripheral type    : 0
Tag array cell type           : 0
Tag array peripheral type     : 0
Optimization target           : 0
Design objective (UCA wt)     : 0 0 0 100 0
Design objective (UCA dev)    : 100000 100000 100000 20 100000
Cache model                   : 0
Nuca bank                     : 0
Wire inside mat               : 1
Wire outside mat              : 1
Interconnect projection       : 1
Wire signalling               : 0
Print level                   : 0
ECC overhead                  : false
Page size                     : 8192
Burst length                  : 8
Internal prefetch width       : 8
Force cache config            : false

---------- CACTI-P,  with new features: CAM and fully associative cache, power gating, and DVS of June, 2014), Uniform Cache Access SRAM Model ----------

Cache Parameters:
    Total cache size (bytes): 128
    Number of banks: 1
    Associativity: direct mapped
    Block size (bytes): 1
    Read/write Ports: 1
    Read ports: 0
    Write ports: 0
    Technology size (nm): 32

    Access time (ns): 0.182137 (@DVS_Level0); 0.190593 (@DVS_Level1_Vdd=0.8); 0.171328 (@DVS_Level2_Vdd=1.1); 0.164743 (@DVS_Level3_Vdd=1.3); 0.162334 (@DVS_Level4_Vdd=1.4); 0.160322 (@DVS_Level5_Vdd=1.5); 
    Cycle time (ns):  0.0673218 (@DVS_Level0); 0.0738386 (@DVS_Level1_Vdd=0.8); 0.0587434 (@DVS_Level2_Vdd=1.1); 0.0533015 (@DVS_Level3_Vdd=1.3); 0.0512506 (@DVS_Level4_Vdd=1.4); 0.0495055 (@DVS_Level5_Vdd=1.5); 
    Total dynamic read energy per access (nJ): 0.000129427 (@DVS_Level0); 0.000104102 (@DVS_Level1_Vdd=0.8); 0.000188367 (@DVS_Level2_Vdd=1.1); 0.000258351 (@DVS_Level3_Vdd=1.3); 0.000297482 (@DVS_Level4_Vdd=1.4); 0.000339372 (@DVS_Level5_Vdd=1.5); 
    Total dynamic write energy per access (nJ): 0.000163533 (@DVS_Level0); 0.00012962 (@DVS_Level1_Vdd=0.8); 0.000243248 (@DVS_Level2_Vdd=1.1); 0.000338805 (@DVS_Level3_Vdd=1.3); 0.000392522 (@DVS_Level4_Vdd=1.4); 0.000450198 (@DVS_Level5_Vdd=1.5); 
    Total leakage power of a bank without power gating, including its network outside (mW): 0.0814287 (@DVS_Level0); 0.05719 (@DVS_Level1_Vdd=0.8); 0.148672 (@DVS_Level2_Vdd=1.1); 0.245403 (@DVS_Level3_Vdd=1.3); 0.306503 (@DVS_Level4_Vdd=1.4); 0.376985 (@DVS_Level5_Vdd=1.5); 
    Cache height x width (mm): 0.0429461 x 0.0104455



    Best Ndwl : 4
    Best Ndbl : 2
    Best Nspd : 2
    Best Ndcm : 1
    Best Ndsam L1 : 1
    Best Ndsam L2 : 2

    Data array, H-tree wire type: Delay optimized global wires

Wire Properties at DVS level 0:

  Delay Optimal
	Repeater size - 82.5849 
	Repeater spacing - 0.123967 (mm) 
	Delay - 0.0984137 (ns/mm) 
	PowerD - 0.000365241 (nJ/mm) 
	PowerL - 0.0131994 (mW/mm) 
	PowerLgate - 0.00321397 (mW/mm)
	Wire width - 0.064 microns
	Wire spacing - 0.064 microns

  5% Overhead
	Repeater size - 40.5849 
	Repeater spacing - 0.123967 (mm) 
	Delay - 0.10274 (ns/mm) 
	PowerD - 0.000258375 (nJ/mm) 
	PowerL - 0.00648659 (mW/mm) 
	PowerLgate - 0.00157945 (mW/mm)
	Wire width - 0.064 microns
	Wire spacing - 0.064 microns

  10% Overhead
	Repeater size - 46.5849 
	Repeater spacing - 0.223967 (mm) 
	Delay - 0.108097 (ns/mm) 
	PowerD - 0.000230781 (nJ/mm) 
	PowerL - 0.00412117 (mW/mm) 
	PowerLgate - 0.00100348 (mW/mm)
	Wire width - 0.064 microns
	Wire spacing - 0.064 microns

  20% Overhead
	Repeater size - 32.5849 
	Repeater spacing - 0.223967 (mm) 
	Delay - 0.117913 (ns/mm) 
	PowerD - 0.000209001 (nJ/mm) 
	PowerL - 0.00288265 (mW/mm) 
	PowerLgate - 0.000701908 (mW/mm)
	Wire width - 0.064 microns
	Wire spacing - 0.064 microns

  30% Overhead
	Repeater size - 26.5849 
	Repeater spacing - 0.223967 (mm) 
	Delay - 0.127056 (ns/mm) 
	PowerD - 0.000199877 (nJ/mm) 
	PowerL - 0.00235185 (mW/mm) 
	PowerLgate - 0.000572663 (mW/mm)
	Wire width - 0.064 microns
	Wire spacing - 0.064 microns

  Low-swing wire (1 mm) - Note: Unlike repeated wires, 
	delay and power values of low-swing wires do not
	have a linear relationship with length. 
	delay - 0.117734 (ns) 
	powerD - 3.76988e-06 (nJ) 
	PowerL - 1.9674e-07 (mW) 
	PowerLgate - 8.80006e-08 (mW)
	Wire width - 1.28e-07 microns
	Wire spacing - 1.28e-07 microns


