PURE_PIPELINE_INPUT vertices=16 static_edges=15 update_edges=0 final_edges=15 pma_slots=240 compact_edge_slots=32 source_external=0 source_internal=0 supersteps=16
Using XCL_DEVICE_INDEX=0
PURE_PIPELINE_HOST stage=launch_grasu
PURE_PIPELINE_HOST stage=enqueued_process_cache_1
PURE_PIPELINE_HOST stage=enqueued_process_cache_2
PURE_PIPELINE_HOST stage=enqueued_process_ddr_1
PURE_PIPELINE_HOST stage=enqueued_process_ddr_2
PURE_PIPELINE_HOST stage=enqueued_dispatch
PURE_PIPELINE_HOST stage=enqueued_bin_search_1
PURE_PIPELINE_HOST stage=enqueued_bin_search_2
PURE_PIPELINE_HOST stage=enqueued_bin_search_3
PURE_PIPELINE_HOST stage=enqueued_bin_search_4
PURE_PIPELINE_HOST stage=flushed_grasu_producers
PURE_PIPELINE_HOST stage=enqueue_barrier
PURE_PIPELINE_HOST stage=enqueued_barrier
PURE_PIPELINE_HOST stage=enqueue_pma_compactor
PURE_PIPELINE_HOST stage=enqueued_pma_compactor
PURE_PIPELINE_HOST stage=wait_pma_compactor
PURE_PIPELINE_HOST stage=pma_compactor_done
PURE_PIPELINE_HOST stage=launch_step step=1
PURE_PIPELINE_HOST stage=enqueue_hbm step=1
PURE_PIPELINE_HOST stage=enqueued_hbm step=1
PURE_PIPELINE_HOST stage=enqueue_apply step=1
PURE_PIPELINE_HOST stage=enqueued_apply step=1
PURE_PIPELINE_HOST stage=enqueue_lksg step=1
PURE_PIPELINE_HOST stage=enqueued_lksg step=1
PURE_PIPELINE_HOST stage=wait_step step=1
PURE_PIPELINE_SUPERSTEP step=1 lksg_ms=0.394039 apply_ms=0.421080 hbm_ms=0.451860
PURE_PIPELINE_HOST stage=launch_step step=2
PURE_PIPELINE_HOST stage=enqueue_hbm step=2
PURE_PIPELINE_HOST stage=enqueued_hbm step=2
PURE_PIPELINE_HOST stage=enqueue_apply step=2
PURE_PIPELINE_HOST stage=enqueued_apply step=2
PURE_PIPELINE_HOST stage=enqueue_lksg step=2
PURE_PIPELINE_HOST stage=enqueued_lksg step=2
PURE_PIPELINE_HOST stage=wait_step step=2
PURE_PIPELINE_SUPERSTEP step=2 lksg_ms=0.224365 apply_ms=0.250606 hbm_ms=0.279706
PURE_PIPELINE_HOST stage=launch_step step=3
PURE_PIPELINE_HOST stage=enqueue_hbm step=3
PURE_PIPELINE_HOST stage=enqueued_hbm step=3
PURE_PIPELINE_HOST stage=enqueue_apply step=3
PURE_PIPELINE_HOST stage=enqueued_apply step=3
PURE_PIPELINE_HOST stage=enqueue_lksg step=3
PURE_PIPELINE_HOST stage=enqueued_lksg step=3
PURE_PIPELINE_HOST stage=wait_step step=3
PURE_PIPELINE_SUPERSTEP step=3 lksg_ms=0.224085 apply_ms=0.247056 hbm_ms=0.273677
PURE_PIPELINE_HOST stage=launch_step step=4
PURE_PIPELINE_HOST stage=enqueue_hbm step=4
PURE_PIPELINE_HOST stage=enqueued_hbm step=4
PURE_PIPELINE_HOST stage=enqueue_apply step=4
PURE_PIPELINE_HOST stage=enqueued_apply step=4
PURE_PIPELINE_HOST stage=enqueue_lksg step=4
PURE_PIPELINE_HOST stage=enqueued_lksg step=4
PURE_PIPELINE_HOST stage=wait_step step=4
PURE_PIPELINE_SUPERSTEP step=4 lksg_ms=0.210455 apply_ms=0.233255 hbm_ms=0.259756
PURE_PIPELINE_HOST stage=launch_step step=5
PURE_PIPELINE_HOST stage=enqueue_hbm step=5
PURE_PIPELINE_HOST stage=enqueued_hbm step=5
PURE_PIPELINE_HOST stage=enqueue_apply step=5
PURE_PIPELINE_HOST stage=enqueued_apply step=5
PURE_PIPELINE_HOST stage=enqueue_lksg step=5
PURE_PIPELINE_HOST stage=enqueued_lksg step=5
PURE_PIPELINE_HOST stage=wait_step step=5
PURE_PIPELINE_SUPERSTEP step=5 lksg_ms=0.225576 apply_ms=0.248036 hbm_ms=0.276147
PURE_PIPELINE_HOST stage=launch_step step=6
PURE_PIPELINE_HOST stage=enqueue_hbm step=6
PURE_PIPELINE_HOST stage=enqueued_hbm step=6
PURE_PIPELINE_HOST stage=enqueue_apply step=6
PURE_PIPELINE_HOST stage=enqueued_apply step=6
PURE_PIPELINE_HOST stage=enqueue_lksg step=6
PURE_PIPELINE_HOST stage=enqueued_lksg step=6
PURE_PIPELINE_HOST stage=wait_step step=6
PURE_PIPELINE_SUPERSTEP step=6 lksg_ms=0.224645 apply_ms=0.251646 hbm_ms=0.290367
PURE_PIPELINE_HOST stage=launch_step step=7
PURE_PIPELINE_HOST stage=enqueue_hbm step=7
PURE_PIPELINE_HOST stage=enqueued_hbm step=7
PURE_PIPELINE_HOST stage=enqueue_apply step=7
PURE_PIPELINE_HOST stage=enqueued_apply step=7
PURE_PIPELINE_HOST stage=enqueue_lksg step=7
PURE_PIPELINE_HOST stage=enqueued_lksg step=7
PURE_PIPELINE_HOST stage=wait_step step=7
PURE_PIPELINE_SUPERSTEP step=7 lksg_ms=0.231426 apply_ms=0.256646 hbm_ms=0.285667
PURE_PIPELINE_HOST stage=launch_step step=8
PURE_PIPELINE_HOST stage=enqueue_hbm step=8
PURE_PIPELINE_HOST stage=enqueued_hbm step=8
PURE_PIPELINE_HOST stage=enqueue_apply step=8
PURE_PIPELINE_HOST stage=enqueued_apply step=8
PURE_PIPELINE_HOST stage=enqueue_lksg step=8
PURE_PIPELINE_HOST stage=enqueued_lksg step=8
PURE_PIPELINE_HOST stage=wait_step step=8
PURE_PIPELINE_SUPERSTEP step=8 lksg_ms=0.215705 apply_ms=0.238505 hbm_ms=0.266416
PURE_PIPELINE_HOST stage=launch_step step=9
PURE_PIPELINE_HOST stage=enqueue_hbm step=9
PURE_PIPELINE_HOST stage=enqueued_hbm step=9
PURE_PIPELINE_HOST stage=enqueue_apply step=9
PURE_PIPELINE_HOST stage=enqueued_apply step=9
PURE_PIPELINE_HOST stage=enqueue_lksg step=9
PURE_PIPELINE_HOST stage=enqueued_lksg step=9
PURE_PIPELINE_HOST stage=wait_step step=9
PURE_PIPELINE_SUPERSTEP step=9 lksg_ms=0.216205 apply_ms=0.238486 hbm_ms=0.265807
PURE_PIPELINE_HOST stage=launch_step step=10
PURE_PIPELINE_HOST stage=enqueue_hbm step=10
PURE_PIPELINE_HOST stage=enqueued_hbm step=10
PURE_PIPELINE_HOST stage=enqueue_apply step=10
PURE_PIPELINE_HOST stage=enqueued_apply step=10
PURE_PIPELINE_HOST stage=enqueue_lksg step=10
PURE_PIPELINE_HOST stage=enqueued_lksg step=10
PURE_PIPELINE_HOST stage=wait_step step=10
PURE_PIPELINE_SUPERSTEP step=10 lksg_ms=0.215105 apply_ms=0.241935 hbm_ms=0.268036
PURE_PIPELINE_HOST stage=launch_step step=11
PURE_PIPELINE_HOST stage=enqueue_hbm step=11
PURE_PIPELINE_HOST stage=enqueued_hbm step=11
PURE_PIPELINE_HOST stage=enqueue_apply step=11
PURE_PIPELINE_HOST stage=enqueued_apply step=11
PURE_PIPELINE_HOST stage=enqueue_lksg step=11
PURE_PIPELINE_HOST stage=enqueued_lksg step=11
PURE_PIPELINE_HOST stage=wait_step step=11
PURE_PIPELINE_SUPERSTEP step=11 lksg_ms=0.206565 apply_ms=0.233976 hbm_ms=0.265517
PURE_PIPELINE_HOST stage=launch_step step=12
PURE_PIPELINE_HOST stage=enqueue_hbm step=12
PURE_PIPELINE_HOST stage=enqueued_hbm step=12
PURE_PIPELINE_HOST stage=enqueue_apply step=12
PURE_PIPELINE_HOST stage=enqueued_apply step=12
PURE_PIPELINE_HOST stage=enqueue_lksg step=12
PURE_PIPELINE_HOST stage=enqueued_lksg step=12
PURE_PIPELINE_HOST stage=wait_step step=12
PURE_PIPELINE_SUPERSTEP step=12 lksg_ms=0.205815 apply_ms=0.230535 hbm_ms=0.258426
PURE_PIPELINE_HOST stage=launch_step step=13
PURE_PIPELINE_HOST stage=enqueue_hbm step=13
PURE_PIPELINE_HOST stage=enqueued_hbm step=13
PURE_PIPELINE_HOST stage=enqueue_apply step=13
PURE_PIPELINE_HOST stage=enqueued_apply step=13
PURE_PIPELINE_HOST stage=enqueue_lksg step=13
PURE_PIPELINE_HOST stage=enqueued_lksg step=13
PURE_PIPELINE_HOST stage=wait_step step=13
PURE_PIPELINE_SUPERSTEP step=13 lksg_ms=0.211925 apply_ms=0.235055 hbm_ms=0.260386
PURE_PIPELINE_HOST stage=launch_step step=14
PURE_PIPELINE_HOST stage=enqueue_hbm step=14
PURE_PIPELINE_HOST stage=enqueued_hbm step=14
PURE_PIPELINE_HOST stage=enqueue_apply step=14
PURE_PIPELINE_HOST stage=enqueued_apply step=14
PURE_PIPELINE_HOST stage=enqueue_lksg step=14
PURE_PIPELINE_HOST stage=enqueued_lksg step=14
PURE_PIPELINE_HOST stage=wait_step step=14
PURE_PIPELINE_SUPERSTEP step=14 lksg_ms=0.207635 apply_ms=0.232916 hbm_ms=0.260657
PURE_PIPELINE_HOST stage=launch_step step=15
PURE_PIPELINE_HOST stage=enqueue_hbm step=15
PURE_PIPELINE_HOST stage=enqueued_hbm step=15
PURE_PIPELINE_HOST stage=enqueue_apply step=15
PURE_PIPELINE_HOST stage=enqueued_apply step=15
PURE_PIPELINE_HOST stage=enqueue_lksg step=15
PURE_PIPELINE_HOST stage=enqueued_lksg step=15
PURE_PIPELINE_HOST stage=wait_step step=15
PURE_PIPELINE_SUPERSTEP step=15 lksg_ms=0.208425 apply_ms=0.231696 hbm_ms=0.259836
PURE_PIPELINE_HOST stage=launch_step step=16
PURE_PIPELINE_HOST stage=enqueue_hbm step=16
PURE_PIPELINE_HOST stage=enqueued_hbm step=16
PURE_PIPELINE_HOST stage=enqueue_apply step=16
PURE_PIPELINE_HOST stage=enqueued_apply step=16
PURE_PIPELINE_HOST stage=enqueue_lksg step=16
PURE_PIPELINE_HOST stage=enqueued_lksg step=16
PURE_PIPELINE_HOST stage=wait_step step=16
PURE_PIPELINE_SUPERSTEP step=16 lksg_ms=0.213235 apply_ms=0.234985 hbm_ms=0.261706
PURE_PIPELINE_TIMING grasu_ms=0.432970 barrier_ms=0.049692 adapter_ms=0.140963 pma_compact_ms=0.140963 lksg_ms=3.635206 apply_ms=4.026414 hbm_ms=4.483967 event_e2e_ms=5.996642 wall_ms=6.090855
PURE_PIPELINE_RESULT status=PASS mismatches=0 vertices=16 final_edges=15 pma_scan_slots_once=240 processed_edge_slots_per_superstep=32 source_external=0 source_internal=0 supersteps=16
