PURE_PIPELINE_INPUT vertices=16 static_edges=16 update_edges=8 final_edges=24 pma_slots=256 compact_edge_slots=32 source_external=0 source_internal=0 supersteps=16
Using XCL_DEVICE_INDEX=0
PURE_PIPELINE_HOST stage=launch_grasu
PURE_PIPELINE_HOST stage=enqueued_process_cache_1
PURE_PIPELINE_HOST stage=enqueued_process_cache_2
PURE_PIPELINE_HOST stage=enqueued_process_ddr_1
PURE_PIPELINE_HOST stage=enqueued_process_ddr_2
PURE_PIPELINE_HOST stage=enqueued_dispatch
PURE_PIPELINE_HOST stage=enqueued_bin_search_1
PURE_PIPELINE_HOST stage=enqueued_bin_search_2
PURE_PIPELINE_HOST stage=enqueued_bin_search_3
PURE_PIPELINE_HOST stage=enqueued_bin_search_4
PURE_PIPELINE_HOST stage=flushed_grasu_producers
PURE_PIPELINE_HOST stage=enqueue_barrier
PURE_PIPELINE_HOST stage=enqueued_barrier
PURE_PIPELINE_HOST stage=enqueue_pma_compactor
PURE_PIPELINE_HOST stage=enqueued_pma_compactor
PURE_PIPELINE_HOST stage=wait_pma_compactor
PURE_PIPELINE_HOST stage=pma_compactor_done
PURE_PIPELINE_HOST stage=launch_step step=1
PURE_PIPELINE_HOST stage=enqueue_hbm step=1
PURE_PIPELINE_HOST stage=enqueued_hbm step=1
PURE_PIPELINE_HOST stage=enqueue_apply step=1
PURE_PIPELINE_HOST stage=enqueued_apply step=1
PURE_PIPELINE_HOST stage=enqueue_lksg step=1
PURE_PIPELINE_HOST stage=enqueued_lksg step=1
PURE_PIPELINE_HOST stage=wait_step step=1
PURE_PIPELINE_SUPERSTEP step=1 lksg_ms=0.399299 apply_ms=0.424530 hbm_ms=0.454391
PURE_PIPELINE_HOST stage=launch_step step=2
PURE_PIPELINE_HOST stage=enqueue_hbm step=2
PURE_PIPELINE_HOST stage=enqueued_hbm step=2
PURE_PIPELINE_HOST stage=enqueue_apply step=2
PURE_PIPELINE_HOST stage=enqueued_apply step=2
PURE_PIPELINE_HOST stage=enqueue_lksg step=2
PURE_PIPELINE_HOST stage=enqueued_lksg step=2
PURE_PIPELINE_HOST stage=wait_step step=2
PURE_PIPELINE_SUPERSTEP step=2 lksg_ms=0.227926 apply_ms=0.252666 hbm_ms=0.280706
PURE_PIPELINE_HOST stage=launch_step step=3
PURE_PIPELINE_HOST stage=enqueue_hbm step=3
PURE_PIPELINE_HOST stage=enqueued_hbm step=3
PURE_PIPELINE_HOST stage=enqueue_apply step=3
PURE_PIPELINE_HOST stage=enqueued_apply step=3
PURE_PIPELINE_HOST stage=enqueue_lksg step=3
PURE_PIPELINE_HOST stage=enqueued_lksg step=3
PURE_PIPELINE_HOST stage=wait_step step=3
PURE_PIPELINE_SUPERSTEP step=3 lksg_ms=0.225685 apply_ms=0.249836 hbm_ms=0.277576
PURE_PIPELINE_HOST stage=launch_step step=4
PURE_PIPELINE_HOST stage=enqueue_hbm step=4
PURE_PIPELINE_HOST stage=enqueued_hbm step=4
PURE_PIPELINE_HOST stage=enqueue_apply step=4
PURE_PIPELINE_HOST stage=enqueued_apply step=4
PURE_PIPELINE_HOST stage=enqueue_lksg step=4
PURE_PIPELINE_HOST stage=enqueued_lksg step=4
PURE_PIPELINE_HOST stage=wait_step step=4
PURE_PIPELINE_SUPERSTEP step=4 lksg_ms=0.216675 apply_ms=0.240656 hbm_ms=0.265977
PURE_PIPELINE_HOST stage=launch_step step=5
PURE_PIPELINE_HOST stage=enqueue_hbm step=5
PURE_PIPELINE_HOST stage=enqueued_hbm step=5
PURE_PIPELINE_HOST stage=enqueue_apply step=5
PURE_PIPELINE_HOST stage=enqueued_apply step=5
PURE_PIPELINE_HOST stage=enqueue_lksg step=5
PURE_PIPELINE_HOST stage=enqueued_lksg step=5
PURE_PIPELINE_HOST stage=wait_step step=5
PURE_PIPELINE_SUPERSTEP step=5 lksg_ms=0.232836 apply_ms=0.256897 hbm_ms=0.285987
PURE_PIPELINE_HOST stage=launch_step step=6
PURE_PIPELINE_HOST stage=enqueue_hbm step=6
PURE_PIPELINE_HOST stage=enqueued_hbm step=6
PURE_PIPELINE_HOST stage=enqueue_apply step=6
PURE_PIPELINE_HOST stage=enqueued_apply step=6
PURE_PIPELINE_HOST stage=enqueue_lksg step=6
PURE_PIPELINE_HOST stage=enqueued_lksg step=6
PURE_PIPELINE_HOST stage=wait_step step=6
PURE_PIPELINE_SUPERSTEP step=6 lksg_ms=0.213375 apply_ms=0.240256 hbm_ms=0.268786
PURE_PIPELINE_HOST stage=launch_step step=7
PURE_PIPELINE_HOST stage=enqueue_hbm step=7
PURE_PIPELINE_HOST stage=enqueued_hbm step=7
PURE_PIPELINE_HOST stage=enqueue_apply step=7
PURE_PIPELINE_HOST stage=enqueued_apply step=7
PURE_PIPELINE_HOST stage=enqueue_lksg step=7
PURE_PIPELINE_HOST stage=enqueued_lksg step=7
PURE_PIPELINE_HOST stage=wait_step step=7
PURE_PIPELINE_SUPERSTEP step=7 lksg_ms=0.236485 apply_ms=0.262536 hbm_ms=0.297127
PURE_PIPELINE_HOST stage=launch_step step=8
PURE_PIPELINE_HOST stage=enqueue_hbm step=8
PURE_PIPELINE_HOST stage=enqueued_hbm step=8
PURE_PIPELINE_HOST stage=enqueue_apply step=8
PURE_PIPELINE_HOST stage=enqueued_apply step=8
PURE_PIPELINE_HOST stage=enqueue_lksg step=8
PURE_PIPELINE_HOST stage=enqueued_lksg step=8
PURE_PIPELINE_HOST stage=wait_step step=8
PURE_PIPELINE_SUPERSTEP step=8 lksg_ms=0.220385 apply_ms=0.247816 hbm_ms=0.274907
PURE_PIPELINE_HOST stage=launch_step step=9
PURE_PIPELINE_HOST stage=enqueue_hbm step=9
PURE_PIPELINE_HOST stage=enqueued_hbm step=9
PURE_PIPELINE_HOST stage=enqueue_apply step=9
PURE_PIPELINE_HOST stage=enqueued_apply step=9
PURE_PIPELINE_HOST stage=enqueue_lksg step=9
PURE_PIPELINE_HOST stage=enqueued_lksg step=9
PURE_PIPELINE_HOST stage=wait_step step=9
PURE_PIPELINE_SUPERSTEP step=9 lksg_ms=0.238256 apply_ms=0.259966 hbm_ms=0.286327
PURE_PIPELINE_HOST stage=launch_step step=10
PURE_PIPELINE_HOST stage=enqueue_hbm step=10
PURE_PIPELINE_HOST stage=enqueued_hbm step=10
PURE_PIPELINE_HOST stage=enqueue_apply step=10
PURE_PIPELINE_HOST stage=enqueued_apply step=10
PURE_PIPELINE_HOST stage=enqueue_lksg step=10
PURE_PIPELINE_HOST stage=enqueued_lksg step=10
PURE_PIPELINE_HOST stage=wait_step step=10
PURE_PIPELINE_SUPERSTEP step=10 lksg_ms=0.210555 apply_ms=0.235285 hbm_ms=0.261066
PURE_PIPELINE_HOST stage=launch_step step=11
PURE_PIPELINE_HOST stage=enqueue_hbm step=11
PURE_PIPELINE_HOST stage=enqueued_hbm step=11
PURE_PIPELINE_HOST stage=enqueue_apply step=11
PURE_PIPELINE_HOST stage=enqueued_apply step=11
PURE_PIPELINE_HOST stage=enqueue_lksg step=11
PURE_PIPELINE_HOST stage=enqueued_lksg step=11
PURE_PIPELINE_HOST stage=wait_step step=11
PURE_PIPELINE_SUPERSTEP step=11 lksg_ms=0.213575 apply_ms=0.237086 hbm_ms=0.262527
PURE_PIPELINE_HOST stage=launch_step step=12
PURE_PIPELINE_HOST stage=enqueue_hbm step=12
PURE_PIPELINE_HOST stage=enqueued_hbm step=12
PURE_PIPELINE_HOST stage=enqueue_apply step=12
PURE_PIPELINE_HOST stage=enqueued_apply step=12
PURE_PIPELINE_HOST stage=enqueue_lksg step=12
PURE_PIPELINE_HOST stage=enqueued_lksg step=12
PURE_PIPELINE_HOST stage=wait_step step=12
PURE_PIPELINE_SUPERSTEP step=12 lksg_ms=0.217715 apply_ms=0.239916 hbm_ms=0.264426
PURE_PIPELINE_HOST stage=launch_step step=13
PURE_PIPELINE_HOST stage=enqueue_hbm step=13
PURE_PIPELINE_HOST stage=enqueued_hbm step=13
PURE_PIPELINE_HOST stage=enqueue_apply step=13
PURE_PIPELINE_HOST stage=enqueued_apply step=13
PURE_PIPELINE_HOST stage=enqueue_lksg step=13
PURE_PIPELINE_HOST stage=enqueued_lksg step=13
PURE_PIPELINE_HOST stage=wait_step step=13
PURE_PIPELINE_SUPERSTEP step=13 lksg_ms=0.213185 apply_ms=0.239675 hbm_ms=0.269846
PURE_PIPELINE_HOST stage=launch_step step=14
PURE_PIPELINE_HOST stage=enqueue_hbm step=14
PURE_PIPELINE_HOST stage=enqueued_hbm step=14
PURE_PIPELINE_HOST stage=enqueue_apply step=14
PURE_PIPELINE_HOST stage=enqueued_apply step=14
PURE_PIPELINE_HOST stage=enqueue_lksg step=14
PURE_PIPELINE_HOST stage=enqueued_lksg step=14
PURE_PIPELINE_HOST stage=wait_step step=14
PURE_PIPELINE_SUPERSTEP step=14 lksg_ms=0.213715 apply_ms=0.237016 hbm_ms=0.261727
PURE_PIPELINE_HOST stage=launch_step step=15
PURE_PIPELINE_HOST stage=enqueue_hbm step=15
PURE_PIPELINE_HOST stage=enqueued_hbm step=15
PURE_PIPELINE_HOST stage=enqueue_apply step=15
PURE_PIPELINE_HOST stage=enqueued_apply step=15
PURE_PIPELINE_HOST stage=enqueue_lksg step=15
PURE_PIPELINE_HOST stage=enqueued_lksg step=15
PURE_PIPELINE_HOST stage=wait_step step=15
PURE_PIPELINE_SUPERSTEP step=15 lksg_ms=0.214005 apply_ms=0.236556 hbm_ms=0.262076
PURE_PIPELINE_HOST stage=launch_step step=16
PURE_PIPELINE_HOST stage=enqueue_hbm step=16
PURE_PIPELINE_HOST stage=enqueued_hbm step=16
PURE_PIPELINE_HOST stage=enqueue_apply step=16
PURE_PIPELINE_HOST stage=enqueued_apply step=16
PURE_PIPELINE_HOST stage=enqueue_lksg step=16
PURE_PIPELINE_HOST stage=enqueued_lksg step=16
PURE_PIPELINE_HOST stage=wait_step step=16
PURE_PIPELINE_SUPERSTEP step=16 lksg_ms=0.210355 apply_ms=0.233265 hbm_ms=0.260406
PURE_PIPELINE_TIMING grasu_ms=0.468941 barrier_ms=0.046311 adapter_ms=0.110132 pma_compact_ms=0.110132 lksg_ms=3.704027 apply_ms=4.093958 hbm_ms=4.533858 event_e2e_ms=6.308460 wall_ms=6.414423
PURE_PIPELINE_RESULT status=PASS mismatches=0 vertices=16 final_edges=24 pma_scan_slots_once=256 processed_edge_slots_per_superstep=32 source_external=0 source_internal=0 supersteps=16
