PURE_PIPELINE_INPUT vertices=16 static_edges=16 update_edges=8 final_edges=24 pma_slots=256 compact_edge_slots=32 source_external=0 source_internal=0 supersteps=16
Using XCL_DEVICE_INDEX=0
PURE_PIPELINE_HOST stage=launch_grasu
PURE_PIPELINE_HOST stage=enqueued_process_cache_1
PURE_PIPELINE_HOST stage=enqueued_process_cache_2
PURE_PIPELINE_HOST stage=enqueued_process_ddr_1
PURE_PIPELINE_HOST stage=enqueued_process_ddr_2
PURE_PIPELINE_HOST stage=enqueued_dispatch
PURE_PIPELINE_HOST stage=enqueued_bin_search_1
PURE_PIPELINE_HOST stage=enqueued_bin_search_2
PURE_PIPELINE_HOST stage=enqueued_bin_search_3
PURE_PIPELINE_HOST stage=enqueued_bin_search_4
PURE_PIPELINE_HOST stage=flushed_grasu_producers
PURE_PIPELINE_HOST stage=enqueue_barrier
PURE_PIPELINE_HOST stage=enqueued_barrier
PURE_PIPELINE_HOST stage=enqueue_pma_compactor
PURE_PIPELINE_HOST stage=enqueued_pma_compactor
PURE_PIPELINE_HOST stage=wait_pma_compactor
PURE_PIPELINE_HOST stage=pma_compactor_done
PURE_PIPELINE_HOST stage=launch_step step=1
PURE_PIPELINE_HOST stage=enqueue_hbm step=1
PURE_PIPELINE_HOST stage=enqueued_hbm step=1
PURE_PIPELINE_HOST stage=enqueue_apply step=1
PURE_PIPELINE_HOST stage=enqueued_apply step=1
PURE_PIPELINE_HOST stage=enqueue_lksg step=1
PURE_PIPELINE_HOST stage=enqueued_lksg step=1
PURE_PIPELINE_HOST stage=wait_step step=1
PURE_PIPELINE_SUPERSTEP step=1 lksg_ms=0.380939 apply_ms=0.410240 hbm_ms=0.440041
PURE_PIPELINE_HOST stage=launch_step step=2
PURE_PIPELINE_HOST stage=enqueue_hbm step=2
PURE_PIPELINE_HOST stage=enqueued_hbm step=2
PURE_PIPELINE_HOST stage=enqueue_apply step=2
PURE_PIPELINE_HOST stage=enqueued_apply step=2
PURE_PIPELINE_HOST stage=enqueue_lksg step=2
PURE_PIPELINE_HOST stage=enqueued_lksg step=2
PURE_PIPELINE_HOST stage=wait_step step=2
PURE_PIPELINE_SUPERSTEP step=2 lksg_ms=0.214595 apply_ms=0.237515 hbm_ms=0.262776
PURE_PIPELINE_HOST stage=launch_step step=3
PURE_PIPELINE_HOST stage=enqueue_hbm step=3
PURE_PIPELINE_HOST stage=enqueued_hbm step=3
PURE_PIPELINE_HOST stage=enqueue_apply step=3
PURE_PIPELINE_HOST stage=enqueued_apply step=3
PURE_PIPELINE_HOST stage=enqueue_lksg step=3
PURE_PIPELINE_HOST stage=enqueued_lksg step=3
PURE_PIPELINE_HOST stage=wait_step step=3
PURE_PIPELINE_SUPERSTEP step=3 lksg_ms=0.215185 apply_ms=0.241046 hbm_ms=0.267437
PURE_PIPELINE_HOST stage=launch_step step=4
PURE_PIPELINE_HOST stage=enqueue_hbm step=4
PURE_PIPELINE_HOST stage=enqueued_hbm step=4
PURE_PIPELINE_HOST stage=enqueue_apply step=4
PURE_PIPELINE_HOST stage=enqueued_apply step=4
PURE_PIPELINE_HOST stage=enqueue_lksg step=4
PURE_PIPELINE_HOST stage=enqueued_lksg step=4
PURE_PIPELINE_HOST stage=wait_step step=4
PURE_PIPELINE_SUPERSTEP step=4 lksg_ms=0.218295 apply_ms=0.241496 hbm_ms=0.266326
PURE_PIPELINE_HOST stage=launch_step step=5
PURE_PIPELINE_HOST stage=enqueue_hbm step=5
PURE_PIPELINE_HOST stage=enqueued_hbm step=5
PURE_PIPELINE_HOST stage=enqueue_apply step=5
PURE_PIPELINE_HOST stage=enqueued_apply step=5
PURE_PIPELINE_HOST stage=enqueue_lksg step=5
PURE_PIPELINE_HOST stage=enqueued_lksg step=5
PURE_PIPELINE_HOST stage=wait_step step=5
PURE_PIPELINE_SUPERSTEP step=5 lksg_ms=0.212206 apply_ms=0.234905 hbm_ms=0.262236
PURE_PIPELINE_HOST stage=launch_step step=6
PURE_PIPELINE_HOST stage=enqueue_hbm step=6
PURE_PIPELINE_HOST stage=enqueued_hbm step=6
PURE_PIPELINE_HOST stage=enqueue_apply step=6
PURE_PIPELINE_HOST stage=enqueued_apply step=6
PURE_PIPELINE_HOST stage=enqueue_lksg step=6
PURE_PIPELINE_HOST stage=enqueued_lksg step=6
PURE_PIPELINE_HOST stage=wait_step step=6
PURE_PIPELINE_SUPERSTEP step=6 lksg_ms=0.213265 apply_ms=0.235916 hbm_ms=0.261917
PURE_PIPELINE_HOST stage=launch_step step=7
PURE_PIPELINE_HOST stage=enqueue_hbm step=7
PURE_PIPELINE_HOST stage=enqueued_hbm step=7
PURE_PIPELINE_HOST stage=enqueue_apply step=7
PURE_PIPELINE_HOST stage=enqueued_apply step=7
PURE_PIPELINE_HOST stage=enqueue_lksg step=7
PURE_PIPELINE_HOST stage=enqueued_lksg step=7
PURE_PIPELINE_HOST stage=wait_step step=7
PURE_PIPELINE_SUPERSTEP step=7 lksg_ms=0.218425 apply_ms=0.240356 hbm_ms=0.264806
PURE_PIPELINE_HOST stage=launch_step step=8
PURE_PIPELINE_HOST stage=enqueue_hbm step=8
PURE_PIPELINE_HOST stage=enqueued_hbm step=8
PURE_PIPELINE_HOST stage=enqueue_apply step=8
PURE_PIPELINE_HOST stage=enqueued_apply step=8
PURE_PIPELINE_HOST stage=enqueue_lksg step=8
PURE_PIPELINE_HOST stage=enqueued_lksg step=8
PURE_PIPELINE_HOST stage=wait_step step=8
PURE_PIPELINE_SUPERSTEP step=8 lksg_ms=0.216495 apply_ms=0.239085 hbm_ms=0.264096
PURE_PIPELINE_HOST stage=launch_step step=9
PURE_PIPELINE_HOST stage=enqueue_hbm step=9
PURE_PIPELINE_HOST stage=enqueued_hbm step=9
PURE_PIPELINE_HOST stage=enqueue_apply step=9
PURE_PIPELINE_HOST stage=enqueued_apply step=9
PURE_PIPELINE_HOST stage=enqueue_lksg step=9
PURE_PIPELINE_HOST stage=enqueued_lksg step=9
PURE_PIPELINE_HOST stage=wait_step step=9
PURE_PIPELINE_SUPERSTEP step=9 lksg_ms=0.217775 apply_ms=0.241816 hbm_ms=0.268907
PURE_PIPELINE_HOST stage=launch_step step=10
PURE_PIPELINE_HOST stage=enqueue_hbm step=10
PURE_PIPELINE_HOST stage=enqueued_hbm step=10
PURE_PIPELINE_HOST stage=enqueue_apply step=10
PURE_PIPELINE_HOST stage=enqueued_apply step=10
PURE_PIPELINE_HOST stage=enqueue_lksg step=10
PURE_PIPELINE_HOST stage=enqueued_lksg step=10
PURE_PIPELINE_HOST stage=wait_step step=10
PURE_PIPELINE_SUPERSTEP step=10 lksg_ms=0.214635 apply_ms=0.239166 hbm_ms=0.264196
PURE_PIPELINE_HOST stage=launch_step step=11
PURE_PIPELINE_HOST stage=enqueue_hbm step=11
PURE_PIPELINE_HOST stage=enqueued_hbm step=11
PURE_PIPELINE_HOST stage=enqueue_apply step=11
PURE_PIPELINE_HOST stage=enqueued_apply step=11
PURE_PIPELINE_HOST stage=enqueue_lksg step=11
PURE_PIPELINE_HOST stage=enqueued_lksg step=11
PURE_PIPELINE_HOST stage=wait_step step=11
PURE_PIPELINE_SUPERSTEP step=11 lksg_ms=0.215825 apply_ms=0.240675 hbm_ms=0.268896
PURE_PIPELINE_HOST stage=launch_step step=12
PURE_PIPELINE_HOST stage=enqueue_hbm step=12
PURE_PIPELINE_HOST stage=enqueued_hbm step=12
PURE_PIPELINE_HOST stage=enqueue_apply step=12
PURE_PIPELINE_HOST stage=enqueued_apply step=12
PURE_PIPELINE_HOST stage=enqueue_lksg step=12
PURE_PIPELINE_HOST stage=enqueued_lksg step=12
PURE_PIPELINE_HOST stage=wait_step step=12
PURE_PIPELINE_SUPERSTEP step=12 lksg_ms=0.212555 apply_ms=0.235226 hbm_ms=0.265737
PURE_PIPELINE_HOST stage=launch_step step=13
PURE_PIPELINE_HOST stage=enqueue_hbm step=13
PURE_PIPELINE_HOST stage=enqueued_hbm step=13
PURE_PIPELINE_HOST stage=enqueue_apply step=13
PURE_PIPELINE_HOST stage=enqueued_apply step=13
PURE_PIPELINE_HOST stage=enqueue_lksg step=13
PURE_PIPELINE_HOST stage=enqueued_lksg step=13
PURE_PIPELINE_HOST stage=wait_step step=13
PURE_PIPELINE_SUPERSTEP step=13 lksg_ms=0.215355 apply_ms=0.237756 hbm_ms=0.262466
PURE_PIPELINE_HOST stage=launch_step step=14
PURE_PIPELINE_HOST stage=enqueue_hbm step=14
PURE_PIPELINE_HOST stage=enqueued_hbm step=14
PURE_PIPELINE_HOST stage=enqueue_apply step=14
PURE_PIPELINE_HOST stage=enqueued_apply step=14
PURE_PIPELINE_HOST stage=enqueue_lksg step=14
PURE_PIPELINE_HOST stage=enqueued_lksg step=14
PURE_PIPELINE_HOST stage=wait_step step=14
PURE_PIPELINE_SUPERSTEP step=14 lksg_ms=0.211025 apply_ms=0.233955 hbm_ms=0.258976
PURE_PIPELINE_HOST stage=launch_step step=15
PURE_PIPELINE_HOST stage=enqueue_hbm step=15
PURE_PIPELINE_HOST stage=enqueued_hbm step=15
PURE_PIPELINE_HOST stage=enqueue_apply step=15
PURE_PIPELINE_HOST stage=enqueued_apply step=15
PURE_PIPELINE_HOST stage=enqueue_lksg step=15
PURE_PIPELINE_HOST stage=enqueued_lksg step=15
PURE_PIPELINE_HOST stage=wait_step step=15
PURE_PIPELINE_SUPERSTEP step=15 lksg_ms=0.214206 apply_ms=0.239966 hbm_ms=0.265526
PURE_PIPELINE_HOST stage=launch_step step=16
PURE_PIPELINE_HOST stage=enqueue_hbm step=16
PURE_PIPELINE_HOST stage=enqueued_hbm step=16
PURE_PIPELINE_HOST stage=enqueue_apply step=16
PURE_PIPELINE_HOST stage=enqueued_apply step=16
PURE_PIPELINE_HOST stage=enqueue_lksg step=16
PURE_PIPELINE_HOST stage=enqueued_lksg step=16
PURE_PIPELINE_HOST stage=wait_step step=16
PURE_PIPELINE_SUPERSTEP step=16 lksg_ms=0.217385 apply_ms=0.239896 hbm_ms=0.278496
PURE_PIPELINE_TIMING grasu_ms=0.542783 barrier_ms=0.044081 adapter_ms=0.086702 pma_compact_ms=0.086702 lksg_ms=3.608166 apply_ms=3.989015 hbm_ms=4.422835 event_e2e_ms=5.981592 wall_ms=6.071975
PURE_PIPELINE_RESULT status=PASS mismatches=0 vertices=16 final_edges=24 pma_scan_slots_once=256 processed_edge_slots_per_superstep=32 source_external=0 source_internal=0 supersteps=16
