PURE_PIPELINE_INPUT vertices=16 static_edges=16 update_edges=12 final_edges=28 pma_slots=256 compact_edge_slots=32 source_external=0 source_internal=0 supersteps=2
Using XCL_DEVICE_INDEX=0
PURE_PIPELINE_HOST stage=launch_grasu
PURE_PIPELINE_HOST stage=enqueued_process_cache_1
PURE_PIPELINE_HOST stage=enqueued_process_cache_2
PURE_PIPELINE_HOST stage=enqueued_process_ddr_1
PURE_PIPELINE_HOST stage=enqueued_process_ddr_2
PURE_PIPELINE_HOST stage=enqueued_dispatch
PURE_PIPELINE_HOST stage=enqueued_bin_search_1
PURE_PIPELINE_HOST stage=enqueued_bin_search_2
PURE_PIPELINE_HOST stage=enqueued_bin_search_3
PURE_PIPELINE_HOST stage=enqueued_bin_search_4
PURE_PIPELINE_HOST stage=flushed_grasu_producers
PURE_PIPELINE_HOST stage=enqueue_barrier
PURE_PIPELINE_HOST stage=enqueued_barrier
PURE_PIPELINE_HOST stage=enqueue_pma_compactor
PURE_PIPELINE_HOST stage=enqueued_pma_compactor
PURE_PIPELINE_HOST stage=wait_pma_compactor
PURE_PIPELINE_HOST stage=pma_compactor_done
PURE_PIPELINE_HOST stage=launch_step step=1
PURE_PIPELINE_HOST stage=enqueue_hbm step=1
PURE_PIPELINE_HOST stage=enqueued_hbm step=1
PURE_PIPELINE_HOST stage=enqueue_apply step=1
PURE_PIPELINE_HOST stage=enqueued_apply step=1
PURE_PIPELINE_HOST stage=enqueue_lksg step=1
PURE_PIPELINE_HOST stage=enqueued_lksg step=1
PURE_PIPELINE_HOST stage=wait_step step=1
PURE_PIPELINE_SUPERSTEP step=1 lksg_ms=0.396319 apply_ms=0.419570 hbm_ms=0.446860
PURE_PIPELINE_HOST stage=launch_step step=2
PURE_PIPELINE_HOST stage=enqueue_hbm step=2
PURE_PIPELINE_HOST stage=enqueued_hbm step=2
PURE_PIPELINE_HOST stage=enqueue_apply step=2
PURE_PIPELINE_HOST stage=enqueued_apply step=2
PURE_PIPELINE_HOST stage=enqueue_lksg step=2
PURE_PIPELINE_HOST stage=enqueued_lksg step=2
PURE_PIPELINE_HOST stage=wait_step step=2
PURE_PIPELINE_SUPERSTEP step=2 lksg_ms=0.236886 apply_ms=0.260167 hbm_ms=0.286847
PURE_PIPELINE_TIMING grasu_ms=0.508182 barrier_ms=0.039481 adapter_ms=0.108653 pma_compact_ms=0.108653 lksg_ms=0.633205 apply_ms=0.679737 hbm_ms=0.733707 event_e2e_ms=1.608309 wall_ms=1.700630
PURE_PIPELINE_RESULT status=PASS mismatches=0 vertices=16 final_edges=28 pma_scan_slots_once=256 processed_edge_slots_per_superstep=32 source_external=0 source_internal=0 supersteps=2
